00:29:21 **** Incremental Build of configuration Debug for project prueba_blink ****
make -j16 all 
arm-none-eabi-size   prueba_blink.elf 
   text	   data	    bss	    dec	    hex	filename
   6416	     32	   1568	   8016	   1f50	prueba_blink.elf
Finished building: default.size.stdout
 
00:29:23 **** Incremental Build of configuration Debug for project prueba_blink ****
make -j16 all 
arm-none-eabi-size   prueba_blink.elf 
   text	   data	    bss	    dec	    hex	filename
   6416	     32	   1568	   8016	   1f50	prueba_blink.elf
Finished building: default.size.stdout
 
